[preview.oklerthemes.com/porto/3.0.0/index.html]
[backblue.gif]
[fade.gif]
[index.html]
[preview.oklerthemes.com/porto/3.0.0/vendor/modernizr.js]
[preview.oklerthemes.com/porto/3.0.0/index-2.html]
[preview.oklerthemes.com/porto/3.0.0/img/logo.png]
[preview.oklerthemes.com/porto/3.0.0/about-us.html]
[preview.oklerthemes.com/porto/3.0.0/contact-us.html]
[preview.oklerthemes.com/porto/3.0.0/index-slider-2.html]
[preview.oklerthemes.com/porto/3.0.0/index-3.html]
[preview.oklerthemes.com/porto/3.0.0/index-4.html]
[preview.oklerthemes.com/porto/3.0.0/index-5.html]
[preview.oklerthemes.com/porto/3.0.0/index-6.html]
[preview.oklerthemes.com/porto/3.0.0/index-one-page.html]
[preview.oklerthemes.com/porto/3.0.0/shortcodes.html]
[preview.oklerthemes.com/porto/3.0.0/about-us-basic.html]
[preview.oklerthemes.com/porto/3.0.0/about-me.html]
[preview.oklerthemes.com/porto/3.0.0/feature-pricing-tables.html]
[preview.oklerthemes.com/porto/3.0.0/feature-icons.html]
[preview.oklerthemes.com/porto/3.0.0/feature-animations.html]
[preview.oklerthemes.com/porto/3.0.0/feature-typography.html]
[preview.oklerthemes.com/porto/3.0.0/feature-grid-system.html]
[preview.oklerthemes.com/porto/3.0.0/index-header-2.html]
[preview.oklerthemes.com/porto/3.0.0/index-header-3.html]
[preview.oklerthemes.com/porto/3.0.0/index-header-4.html]
[preview.oklerthemes.com/porto/3.0.0/index-header-5.html]
[preview.oklerthemes.com/porto/3.0.0/index-header-6.html]
[preview.oklerthemes.com/porto/3.0.0/index-header-7.html]
[preview.oklerthemes.com/porto/3.0.0/index-header-signin.html]
[preview.oklerthemes.com/porto/3.0.0/index-header-logged.html]
[preview.oklerthemes.com/porto/3.0.0/index-footer-2.html]
[preview.oklerthemes.com/porto/3.0.0/index-footer-3.html]
[preview.oklerthemes.com/porto/3.0.0/index-footer-4.html]
[preview.oklerthemes.com/porto/3.0.0/blog-full-width.html]
[preview.oklerthemes.com/porto/3.0.0/blog-large-image.html]
[preview.oklerthemes.com/porto/3.0.0/blog-medium-image.html]
[preview.oklerthemes.com/porto/3.0.0/blog-timeline.html]
[preview.oklerthemes.com/porto/3.0.0/blog-post.html]
[preview.oklerthemes.com/porto/3.0.0/portfolio-4-columns.html]
[preview.oklerthemes.com/porto/3.0.0/portfolio-3-columns.html]
[preview.oklerthemes.com/porto/3.0.0/portfolio-2-columns.html]
[preview.oklerthemes.com/porto/3.0.0/portfolio-lightbox.html]
[preview.oklerthemes.com/porto/3.0.0/portfolio-timeline.html]
[preview.oklerthemes.com/porto/3.0.0/portfolio-full-width.html]
[preview.oklerthemes.com/porto/3.0.0/portfolio-single-project.html]
[preview.oklerthemes.com/porto/3.0.0/shop-full-width.html]
[preview.oklerthemes.com/porto/3.0.0/shop-sidebar.html]
[preview.oklerthemes.com/porto/3.0.0/shop-product-full-width.html]
[preview.oklerthemes.com/porto/3.0.0/shop-product-sidebar.html]
[preview.oklerthemes.com/porto/3.0.0/shop-cart.html]
[preview.oklerthemes.com/porto/3.0.0/shop-login.html]
[preview.oklerthemes.com/porto/3.0.0/shop-checkout.html]
[preview.oklerthemes.com/porto/3.0.0/page-full-width.html]
[preview.oklerthemes.com/porto/3.0.0/page-left-sidebar.html]
[preview.oklerthemes.com/porto/3.0.0/page-right-sidebar.html]
[preview.oklerthemes.com/porto/3.0.0/page-custom-header.html]
[preview.oklerthemes.com/porto/3.0.0/page-404.html]
[preview.oklerthemes.com/porto/3.0.0/page-team.html]
[preview.oklerthemes.com/porto/3.0.0/page-services.html]
[preview.oklerthemes.com/porto/3.0.0/page-careers.html]
[preview.oklerthemes.com/porto/3.0.0/page-faq.html]
[preview.oklerthemes.com/porto/3.0.0/page-login.html]
[preview.oklerthemes.com/porto/3.0.0/sitemap.html]
[preview.oklerthemes.com/porto/3.0.0/contact-us-advanced.html]
[preview.oklerthemes.com/porto/3.0.0/img/slides/slide-bg.jpg]
[preview.oklerthemes.com/porto/3.0.0/img/slides/slide-title-border.png]
[preview.oklerthemes.com/porto/3.0.0/img/slides/slide-concept-2-1.png]
[preview.oklerthemes.com/porto/3.0.0/img/slides/slide-concept-2-2.png]
[preview.oklerthemes.com/porto/3.0.0/img/slides/slide-concept-2-3.png]
[preview.oklerthemes.com/porto/3.0.0/img/slides/slide-concept-2-4.png]
[preview.oklerthemes.com/porto/3.0.0/img/slides/slide-concept-2-5.png]
[preview.oklerthemes.com/porto/3.0.0/img/slides/slide-concept.png]
[preview.oklerthemes.com/porto/3.0.0/img/home-concept-item-1.png]
[preview.oklerthemes.com/porto/3.0.0/img/home-concept-item-2.png]
[preview.oklerthemes.com/porto/3.0.0/img/home-concept-item-3.png]
[preview.oklerthemes.com/porto/3.0.0/img/projects/project-home-1.jpg]
[preview.oklerthemes.com/porto/3.0.0/img/projects/project-home-2.jpg]
[preview.oklerthemes.com/porto/3.0.0/img/projects/project-home-3.jpg]
[preview.oklerthemes.com/porto/3.0.0/img/logos/logo-1.png]
[preview.oklerthemes.com/porto/3.0.0/img/logos/logo-2.png]
[preview.oklerthemes.com/porto/3.0.0/img/logos/logo-3.png]
[preview.oklerthemes.com/porto/3.0.0/img/logos/logo-4.png]
[preview.oklerthemes.com/porto/3.0.0/img/logos/logo-5.png]
[preview.oklerthemes.com/porto/3.0.0/img/logos/logo-6.png]
[preview.oklerthemes.com/porto/3.0.0/img/clients/client-1.jpg]
[preview.oklerthemes.com/porto/3.0.0/img/logo-footer.png]
[preview.oklerthemes.com/porto/3.0.0/vendor/jquery.js]
[preview.oklerthemes.com/porto/3.0.0/vendor/jquery.appear.js]
[preview.oklerthemes.com/porto/3.0.0/vendor/jquery.easing.js]
[preview.oklerthemes.com/porto/3.0.0/vendor/jquery.cookie.js]
[preview.oklerthemes.com/porto/3.0.0/master/style-switcher/style.switcher.js]
[preview.oklerthemes.com/porto/3.0.0/vendor/bootstrap/js/bootstrap.js]
[preview.oklerthemes.com/porto/3.0.0/vendor/jquery.validate.js]
[preview.oklerthemes.com/porto/3.0.0/vendor/jquery.stellar.js]
[preview.oklerthemes.com/porto/3.0.0/vendor/jquery.knob.js]
[preview.oklerthemes.com/porto/3.0.0/vendor/jquery.gmap.js]
[preview.oklerthemes.com/porto/3.0.0/vendor/twitterjs/twitter.js]
[preview.oklerthemes.com/porto/3.0.0/vendor/isotope/jquery.isotope.js]
[preview.oklerthemes.com/porto/3.0.0/vendor/owl-carousel/owl.carousel.js]
[preview.oklerthemes.com/porto/3.0.0/vendor/jflickrfeed/jflickrfeed.js]
[preview.oklerthemes.com/porto/3.0.0/vendor/magnific-popup/magnific-popup.js]
[preview.oklerthemes.com/porto/3.0.0/vendor/mediaelement/mediaelement-and-player.js]
[preview.oklerthemes.com/porto/3.0.0/js/theme.plugins.js]
[preview.oklerthemes.com/porto/3.0.0/js/theme.js]
[preview.oklerthemes.com/porto/3.0.0/vendor/rs-plugin/js/jquery.themepunch.plugins.min.js]
[preview.oklerthemes.com/porto/3.0.0/vendor/rs-plugin/js/jquery.themepunch.revolution.js]
[preview.oklerthemes.com/porto/3.0.0/vendor/circle-flip-slideshow/js/jquery.flipshow.js]
[preview.oklerthemes.com/porto/3.0.0/js/views/view.home.js]
[preview.oklerthemes.com/porto/3.0.0/js/custom.js]
[preview.oklerthemes.com/porto/3.0.0/index.html]
[preview.oklerthemes.com/porto/3.0.0/vendor/bootstrap/css/bootstrap.css]
[preview.oklerthemes.com/porto/3.0.0/vendor/font-awesome/fonts/fontawesome-webfontba72.eot]
[preview.oklerthemes.com/porto/3.0.0/vendor/font-awesome/fonts/fontawesome-webfontd41d.eot]
[preview.oklerthemes.com/porto/3.0.0/vendor/font-awesome/fonts/fontawesome-webfontba72.woff]
[preview.oklerthemes.com/porto/3.0.0/vendor/font-awesome/fonts/fontawesome-webfontba72.ttf]
[preview.oklerthemes.com/porto/3.0.0/vendor/font-awesome/css/font-awesome.css]
[preview.oklerthemes.com/porto/3.0.0/vendor/owl-carousel/grabbing.png]
[preview.oklerthemes.com/porto/3.0.0/vendor/owl-carousel/owl.carousel.css]
[preview.oklerthemes.com/porto/3.0.0/vendor/owl-carousel/owl.theme.css]
[preview.oklerthemes.com/porto/3.0.0/vendor/magnific-popup/magnific-popup.css]
[preview.oklerthemes.com/porto/3.0.0/vendor/isotope/jquery.isotope.css]
[preview.oklerthemes.com/porto/3.0.0/vendor/owl-carousel/AjaxLoader.gif]
[preview.oklerthemes.com/porto/3.0.0/vendor/mediaelement/bigplay.png]
[preview.oklerthemes.com/porto/3.0.0/vendor/mediaelement/background.png]
[preview.oklerthemes.com/porto/3.0.0/vendor/mediaelement/loading.gif]
[preview.oklerthemes.com/porto/3.0.0/vendor/mediaelement/controls.png]
[preview.oklerthemes.com/porto/3.0.0/vendor/mediaelement/mediaelementplayer.css]
[preview.oklerthemes.com/porto/3.0.0/img/custom-header-bg.jpg]
[preview.oklerthemes.com/porto/3.0.0/img/map-bottom.png]
[preview.oklerthemes.com/porto/3.0.0/img/map-top.png]
[preview.oklerthemes.com/porto/3.0.0/img/home-concept.png]
[preview.oklerthemes.com/porto/3.0.0/img/home-concept-item.png]
[preview.oklerthemes.com/porto/3.0.0/img/home-concept-icons.png]
[preview.oklerthemes.com/porto/3.0.0/img/map-bottom-dark.png]
[preview.oklerthemes.com/porto/3.0.0/img/map-top-dark.png]
[preview.oklerthemes.com/porto/3.0.0/img/home-concept-dark.png]
[preview.oklerthemes.com/porto/3.0.0/img/home-concept-item-dark.png]
[preview.oklerthemes.com/porto/3.0.0/img/home-concept-icons-dark.png]
[preview.oklerthemes.com/porto/3.0.0/img/arrows-dark.png]
[preview.oklerthemes.com/porto/3.0.0/img/history-thumb-dark.png]
[preview.oklerthemes.com/porto/3.0.0/css/theme.css]
[preview.oklerthemes.com/porto/3.0.0/img/list-primary.png]
[preview.oklerthemes.com/porto/3.0.0/img/social-sprites.png]
[preview.oklerthemes.com/porto/3.0.0/img/arrows.png]
[preview.oklerthemes.com/porto/3.0.0/img/history-thumb.png]
[preview.oklerthemes.com/porto/3.0.0/css/theme-elements.css]
[preview.oklerthemes.com/porto/3.0.0/css/theme-blog.css]
[preview.oklerthemes.com/porto/3.0.0/css/fonts/star.eot]
[preview.oklerthemes.com/porto/3.0.0/css/fonts/stard41d.eot]
[preview.oklerthemes.com/porto/3.0.0/css/fonts/star.woff]
[preview.oklerthemes.com/porto/3.0.0/css/fonts/star.ttf]
[preview.oklerthemes.com/porto/3.0.0/css/theme-shop.css]
[preview.oklerthemes.com/porto/3.0.0/css/theme-animate.css]
[preview.oklerthemes.com/porto/3.0.0/vendor/rs-plugin/images/gradient/g30.png]
[preview.oklerthemes.com/porto/3.0.0/vendor/rs-plugin/images/gradient/g40.png]
[preview.oklerthemes.com/porto/3.0.0/vendor/rs-plugin/assets/shadow1.png]
[preview.oklerthemes.com/porto/3.0.0/vendor/rs-plugin/assets/shadow2.png]
[preview.oklerthemes.com/porto/3.0.0/vendor/rs-plugin/assets/shadow3.png]
[preview.oklerthemes.com/porto/3.0.0/vendor/rs-plugin/assets/gridtile.png]
[preview.oklerthemes.com/porto/3.0.0/vendor/rs-plugin/assets/gridtile_white.png]
[preview.oklerthemes.com/porto/3.0.0/vendor/rs-plugin/assets/gridtile_3x3.png]
[preview.oklerthemes.com/porto/3.0.0/vendor/rs-plugin/assets/gridtile_3x3_white.png]
[preview.oklerthemes.com/porto/3.0.0/vendor/rs-plugin/assets/boxed_bgtile.png]
[preview.oklerthemes.com/porto/3.0.0/vendor/rs-plugin/assets/navigdots_bgtile.png]
[preview.oklerthemes.com/porto/3.0.0/vendor/rs-plugin/assets/bullet.png]
[preview.oklerthemes.com/porto/3.0.0/vendor/rs-plugin/assets/bullets.png]
[preview.oklerthemes.com/porto/3.0.0/vendor/rs-plugin/assets/bullets2.png]
[preview.oklerthemes.com/porto/3.0.0/vendor/rs-plugin/assets/bullet_boxed.png]
[preview.oklerthemes.com/porto/3.0.0/vendor/rs-plugin/assets/navigdots.png]
[preview.oklerthemes.com/porto/3.0.0/vendor/rs-plugin/assets/large_left.png]
[preview.oklerthemes.com/porto/3.0.0/vendor/rs-plugin/assets/large_right.png]
[preview.oklerthemes.com/porto/3.0.0/vendor/rs-plugin/assets/small_left.png]
[preview.oklerthemes.com/porto/3.0.0/vendor/rs-plugin/assets/small_right.png]
[preview.oklerthemes.com/porto/3.0.0/vendor/rs-plugin/assets/arrow_left.png]
[preview.oklerthemes.com/porto/3.0.0/vendor/rs-plugin/assets/arrow_right.png]
[preview.oklerthemes.com/porto/3.0.0/vendor/rs-plugin/assets/small_left_boxed.png]
[preview.oklerthemes.com/porto/3.0.0/vendor/rs-plugin/assets/small_right_boxed.png]
[preview.oklerthemes.com/porto/3.0.0/vendor/rs-plugin/assets/arrowleft.png]
[preview.oklerthemes.com/porto/3.0.0/vendor/rs-plugin/assets/arrowright.png]
[preview.oklerthemes.com/porto/3.0.0/vendor/rs-plugin/assets/arrow_left2.png]
[preview.oklerthemes.com/porto/3.0.0/vendor/rs-plugin/assets/arrow_right2.png]
[preview.oklerthemes.com/porto/3.0.0/vendor/rs-plugin/assets/timer.png]
[preview.oklerthemes.com/porto/3.0.0/vendor/rs-plugin/assets/coloredbg.png]
[preview.oklerthemes.com/porto/3.0.0/vendor/rs-plugin/assets/loader.gif]
[preview.oklerthemes.com/porto/3.0.0/vendor/rs-plugin/font/revicons90c6.eot]
[preview.oklerthemes.com/porto/3.0.0/vendor/rs-plugin/font/revicons90c6.woff]
[preview.oklerthemes.com/porto/3.0.0/vendor/rs-plugin/font/revicons90c6.ttf]
[preview.oklerthemes.com/porto/3.0.0/vendor/rs-plugin/css/settings.css]
[preview.oklerthemes.com/porto/3.0.0/vendor/circle-flip-slideshow/css/component.css]
[preview.oklerthemes.com/porto/3.0.0/css/theme-responsive.css]
[preview.oklerthemes.com/porto/3.0.0/css/skins/default.css]
[preview.oklerthemes.com/porto/3.0.0/css/custom.css]
[preview.oklerthemes.com/porto/3.0.0/index-2.html]
[preview.oklerthemes.com/porto/3.0.0/img/slides/men-in-black.jpg]
[preview.oklerthemes.com/porto/3.0.0/video/men-in-black.mp4]
[preview.oklerthemes.com/porto/3.0.0/video/men-in-black.ogv]
[preview.oklerthemes.com/porto/3.0.0/img/team/team-1.jpg]
[preview.oklerthemes.com/porto/3.0.0/img/team/team-2.jpg]
[preview.oklerthemes.com/porto/3.0.0/img/team/team-3.jpg]
[preview.oklerthemes.com/porto/3.0.0/img/team/team-4.jpg]
[preview.oklerthemes.com/porto/3.0.0/about-us.html]
[preview.oklerthemes.com/porto/3.0.0/js/views/view.contact.js]
[preview.oklerthemes.com/porto/3.0.0/contact-us.html]
[preview.oklerthemes.com/porto/3.0.0/img/slides/slide-1.jpg]
[preview.oklerthemes.com/porto/3.0.0/vendor/nivo-slider/jquery.nivo.slider.js]
[preview.oklerthemes.com/porto/3.0.0/index-slider-2.html]
[preview.oklerthemes.com/porto/3.0.0/img/slides/mobile-device.png]
[preview.oklerthemes.com/porto/3.0.0/img/slides/slide-concept-draft.png]
[preview.oklerthemes.com/porto/3.0.0/img/projects/project.jpg]
[preview.oklerthemes.com/porto/3.0.0/img/projects/project-1.jpg]
[preview.oklerthemes.com/porto/3.0.0/img/projects/project-2.jpg]
[preview.oklerthemes.com/porto/3.0.0/img/projects/project-3.jpg]
[preview.oklerthemes.com/porto/3.0.0/index-3.html]
[preview.oklerthemes.com/porto/3.0.0/img/slides/slide-bg-light.jpg]
[preview.oklerthemes.com/porto/3.0.0/img/slides/slide-title-border-light.png]
[preview.oklerthemes.com/porto/3.0.0/img/slides/slide-light-1.jpg]
[preview.oklerthemes.com/porto/3.0.0/img/device.png]
[preview.oklerthemes.com/porto/3.0.0/index-4.html]
[preview.oklerthemes.com/porto/3.0.0/index-5.html]
[preview.oklerthemes.com/porto/3.0.0/img/slides/gray-clouds.jpg]
[preview.oklerthemes.com/porto/3.0.0/video/gray-clouds.mp4]
[preview.oklerthemes.com/porto/3.0.0/video/gray-clouds.ogv]
[preview.oklerthemes.com/porto/3.0.0/index-6.html]
[preview.oklerthemes.com/porto/3.0.0/img/slides/slide-bg-full.jpg]
[preview.oklerthemes.com/porto/3.0.0/img/parallax.jpg]
[preview.oklerthemes.com/porto/3.0.0/img/parallax-transparent.jpg]
[preview.oklerthemes.com/porto/3.0.0/index-one-page.html]
[preview.oklerthemes.com/porto/3.0.0/img/projects/project-4.jpg]
[preview.oklerthemes.com/porto/3.0.0/img/holder.png]
[preview.oklerthemes.com/porto/3.0.0/shortcodes.html]
[preview.oklerthemes.com/porto/3.0.0/img/office-4.jpg]
[preview.oklerthemes.com/porto/3.0.0/img/office-3.jpg]
[preview.oklerthemes.com/porto/3.0.0/img/office-2.jpg]
[preview.oklerthemes.com/porto/3.0.0/img/office-1.jpg]
[preview.oklerthemes.com/porto/3.0.0/about-us-basic.html]
[preview.oklerthemes.com/porto/3.0.0/img/team/team-9.jpg]
[preview.oklerthemes.com/porto/3.0.0/about-me.html]
[preview.oklerthemes.com/porto/3.0.0/feature-pricing-tables.html]
[preview.oklerthemes.com/porto/3.0.0/feature-icons.html]
[preview.oklerthemes.com/porto/3.0.0/feature-animations.html]
[preview.oklerthemes.com/porto/3.0.0/feature-typography.html]
[preview.oklerthemes.com/porto/3.0.0/feature-grid-system.html]
[preview.oklerthemes.com/porto/3.0.0/index-header-2.html]
[preview.oklerthemes.com/porto/3.0.0/index-header-3.html]
[preview.oklerthemes.com/porto/3.0.0/index-header-4.html]
[preview.oklerthemes.com/porto/3.0.0/index-header-5.html]
[preview.oklerthemes.com/porto/3.0.0/index-header-6.html]
[preview.oklerthemes.com/porto/3.0.0/index-header-7.html]
[preview.oklerthemes.com/porto/3.0.0/index-header-signin.html]
[preview.oklerthemes.com/porto/3.0.0/index-header-logged.html]
[preview.oklerthemes.com/porto/3.0.0/img/logo-footer-small.png]
[preview.oklerthemes.com/porto/3.0.0/img/projects/project-5.jpg]
[preview.oklerthemes.com/porto/3.0.0/index-footer-2.html]
[preview.oklerthemes.com/porto/3.0.0/index-footer-3.html]
[preview.oklerthemes.com/porto/3.0.0/index-footer-4.html]
[preview.oklerthemes.com/porto/3.0.0/img/blog/blog-image-1.jpg]
[preview.oklerthemes.com/porto/3.0.0/img/blog/blog-image-2.jpg]
[preview.oklerthemes.com/porto/3.0.0/img/blog/blog-image-3.jpg]
[preview.oklerthemes.com/porto/3.0.0/blog-full-width.html]
[preview.oklerthemes.com/porto/3.0.0/blog-single.ea.delayed]
[preview.oklerthemes.com/porto/3.0.0/img/blog/blog-thumb-1.jpg]
[preview.oklerthemes.com/porto/3.0.0/img/blog/blog-thumb-2.jpg]
[preview.oklerthemes.com/porto/3.0.0/img/blog/blog-thumb-3.jpg]
[preview.oklerthemes.com/porto/3.0.0/blog-large-image.html]
[preview.oklerthemes.com/porto/3.0.0/blog-medium-image.html]
[preview.oklerthemes.com/porto/3.0.0/blog-timeline.html]
[s7.addthis.com/js/300/addthis_widget.js]
[preview.oklerthemes.com/porto/3.0.0/img/avatar.jpg]
[preview.oklerthemes.com/porto/3.0.0/img/avatar-2.jpg]
[preview.oklerthemes.com/porto/3.0.0/img/avatar-3.jpg]
[preview.oklerthemes.com/porto/3.0.0/img/avatar-4.jpg]
[preview.oklerthemes.com/porto/3.0.0/blog-post.html]
[preview.oklerthemes.com/porto/3.0.0/portfolio-4-columns.html]
[preview.oklerthemes.com/porto/3.0.0/portfolio-3-columns.html]
[preview.oklerthemes.com/porto/3.0.0/portfolio-2-columns.html]
[preview.oklerthemes.com/porto/3.0.0/portfolio-lightbox.html]
[preview.oklerthemes.com/porto/3.0.0/portfolio-timeline.html]
[preview.oklerthemes.com/porto/3.0.0/img/projects/project-7.jpg]
[preview.oklerthemes.com/porto/3.0.0/img/projects/project-6.jpg]
[preview.oklerthemes.com/porto/3.0.0/portfolio-full-width.html]
[preview.oklerthemes.com/porto/3.0.0/portfolio-single-project.html]
[preview.oklerthemes.com/porto/3.0.0/img/products/product-1.jpg]
[preview.oklerthemes.com/porto/3.0.0/img/products/product-2.jpg]
[preview.oklerthemes.com/porto/3.0.0/img/products/product-3.jpg]
[preview.oklerthemes.com/porto/3.0.0/img/products/product-4.jpg]
[preview.oklerthemes.com/porto/3.0.0/img/products/product-5.jpg]
[preview.oklerthemes.com/porto/3.0.0/img/products/product-6.jpg]
[preview.oklerthemes.com/porto/3.0.0/img/products/product-7.jpg]
[preview.oklerthemes.com/porto/3.0.0/img/products/product-8.jpg]
[preview.oklerthemes.com/porto/3.0.0/img/products/product-9.jpg]
[preview.oklerthemes.com/porto/3.0.0/img/products/product-10.jpg]
[preview.oklerthemes.com/porto/3.0.0/img/products/product-11.jpg]
[preview.oklerthemes.com/porto/3.0.0/img/products/product-12.jpg]
[preview.oklerthemes.com/porto/3.0.0/shop-full-width.html]
[preview.oklerthemes.com/porto/3.0.0/shop-sidebar.html]
[preview.oklerthemes.com/porto/3.0.0/img/products/product-7-2.jpg]
[preview.oklerthemes.com/porto/3.0.0/img/products/product-7-3.jpg]
[preview.oklerthemes.com/porto/3.0.0/shop-product-full-width.html]
[preview.oklerthemes.com/porto/3.0.0/shop-product-sidebar.html]
[preview.oklerthemes.com/porto/3.0.0/shop-cart.html]
[preview.oklerthemes.com/porto/3.0.0/shop-login.html]
[preview.oklerthemes.com/porto/3.0.0/shop-checkout.html]
[preview.oklerthemes.com/porto/3.0.0/page-full-width.html]
[preview.oklerthemes.com/porto/3.0.0/page-left-sidebar.html]
[preview.oklerthemes.com/porto/3.0.0/page-right-sidebar.html]
[preview.oklerthemes.com/porto/3.0.0/img/custom-header.png]
[preview.oklerthemes.com/porto/3.0.0/page-custom-header.html]
[preview.oklerthemes.com/porto/3.0.0/page-404.html]
[preview.oklerthemes.com/porto/3.0.0/img/team/team-5.jpg]
[preview.oklerthemes.com/porto/3.0.0/img/team/team-6.jpg]
[preview.oklerthemes.com/porto/3.0.0/img/team/team-7.jpg]
[preview.oklerthemes.com/porto/3.0.0/img/team/team-8.jpg]
[preview.oklerthemes.com/porto/3.0.0/page-team.html]
[preview.oklerthemes.com/porto/3.0.0/page-services.html]
[preview.oklerthemes.com/porto/3.0.0/page-careers.html]
[preview.oklerthemes.com/porto/3.0.0/page-faq.html]
[preview.oklerthemes.com/porto/3.0.0/page-login.html]
[preview.oklerthemes.com/porto/3.0.0/sitemap.html]
[preview.oklerthemes.com/porto/3.0.0/contact-us-advanced.html]
[preview.oklerthemes.com/porto/3.0.0/php/simple-php-captcha/simple-php-captcha.php/index44e4.html]
[preview.oklerthemes.com/porto/3.0.0/vendor/font-awesome/fonts/fontawesome-webfontba72.svg]
[preview.oklerthemes.com/porto/3.0.0/vendor/mediaelement/bigplay.svg]
[preview.oklerthemes.com/porto/3.0.0/vendor/mediaelement/controls.svg]
[preview.oklerthemes.com/porto/3.0.0/css/fonts/star.svg]
[preview.oklerthemes.com/porto/3.0.0/vendor/rs-plugin/font/revicons90c6.svg]
[preview.oklerthemes.com/porto/3.0.0/video/men-in-black.mp4]
[preview.oklerthemes.com/porto/3.0.0/video/men-in-black.ogv]
[preview.oklerthemes.com/porto/3.0.0/vendor/nivo-slider/nivo-slider.css]
[preview.oklerthemes.com/porto/3.0.0/vendor/nivo-slider/themes/default/loading.gif]
[preview.oklerthemes.com/porto/3.0.0/vendor/nivo-slider/themes/default/bullets.png]
[preview.oklerthemes.com/porto/3.0.0/vendor/nivo-slider/themes/default/arrows.png]
[preview.oklerthemes.com/porto/3.0.0/vendor/nivo-slider/themes/default/default.css]
[preview.oklerthemes.com/porto/3.0.0/img/slides/slide-2.jpg]
[preview.oklerthemes.com/porto/3.0.0/blog-single.html]
[preview.oklerthemes.com/porto/3.0.0/img/slides/slide-2.jpg]
